2026-09-29 11:36:31.861 +07:00 [INF] Đang kiểm tra và áp dụng Migrations cơ sở dữ liệu...
2026-09-29 11:36:32.804 +07:00 [INF] Executed DbCommand (67ms) [Parameters=[], CommandType='"Text"', CommandTimeout='30']
SELECT EXISTS (
    SELECT 1 FROM pg_catalog.pg_class c
    JOIN pg_catalog.pg_namespace n ON n.oid=c.relnamespace
    WHERE n.nspname='public' AND
          c.relname='__EFMigrationsHistory'
)
2026-09-29 11:36:32.824 +07:00 [INF] Executed DbCommand (4ms) [Parameters=[], CommandType='"Text"', CommandTimeout='30']
SELECT "MigrationId", "ProductVersion"
FROM "__EFMigrationsHistory"
ORDER BY "MigrationId";
2026-09-29 11:36:32.856 +07:00 [INF] Executed DbCommand (1ms) [Parameters=[], CommandType='"Text"', CommandTimeout='30']
SELECT EXISTS (
    SELECT 1 FROM pg_catalog.pg_class c
    JOIN pg_catalog.pg_namespace n ON n.oid=c.relnamespace
    WHERE n.nspname='public' AND
          c.relname='__EFMigrationsHistory'
)
2026-09-29 11:36:32.881 +07:00 [INF] Executed DbCommand (1ms) [Parameters=[], CommandType='"Text"', CommandTimeout='30']
SELECT EXISTS (
    SELECT 1 FROM pg_catalog.pg_class c
    JOIN pg_catalog.pg_namespace n ON n.oid=c.relnamespace
    WHERE n.nspname='public' AND
          c.relname='__EFMigrationsHistory'
)
2026-09-29 11:36:32.882 +07:00 [INF] Executed DbCommand (0ms) [Parameters=[], CommandType='"Text"', CommandTimeout='30']
SELECT "MigrationId", "ProductVersion"
FROM "__EFMigrationsHistory"
ORDER BY "MigrationId";
2026-09-29 11:36:32.899 +07:00 [INF] Applying migration '20260928161745_UpdateAttendanceFullSchema'.
2026-09-29 11:36:32.979 +07:00 [ERR] Failed executing DbCommand (20ms) [Parameters=[], CommandType='"Text"', CommandTimeout='30']
CREATE TABLE "AcademicYears" (
    "Id" integer GENERATED BY DEFAULT AS IDENTITY,
    "Name" character varying(50) NOT NULL,
    "StartDate" timestamp with time zone NOT NULL,
    "EndDate" timestamp with time zone NOT NULL,
    "IsCurrent" boolean NOT NULL,
    CONSTRAINT "PK_AcademicYears" PRIMARY KEY ("Id")
);
2026-09-29 11:36:33.000 +07:00 [ERR] Đã xảy ra lỗi trong quá trình tự động Migrate Database.
Npgsql.PostgresException (0x80004005): 42P07: relation "AcademicYears" already exists
   at Npgsql.Internal.NpgsqlConnector.ReadMessageLong(Boolean async, DataRowLoadingMode dataRowLoadingMode, Boolean readingNotifications, Boolean isReadingPrependedMessage)
   at System.Runtime.CompilerServices.PoolingAsyncValueTaskMethodBuilder`1.StateMachineBox`1.System.Threading.Tasks.Sources.IValueTaskSource<TResult>.GetResult(Int16 token)
   at Npgsql.NpgsqlDataReader.NextResult(Boolean async, Boolean isConsuming, CancellationToken cancellationToken)
   at Npgsql.NpgsqlDataReader.NextResult(Boolean async, Boolean isConsuming, CancellationToken cancellationToken)
   at Npgsql.NpgsqlDataReader.NextResult()
   at Npgsql.NpgsqlCommand.ExecuteReader(Boolean async, CommandBehavior behavior, CancellationToken cancellationToken)
   at Npgsql.NpgsqlCommand.ExecuteReader(Boolean async, CommandBehavior behavior, CancellationToken cancellationToken)
   at Npgsql.NpgsqlCommand.ExecuteNonQuery(Boolean async, CancellationToken cancellationToken)
   at Npgsql.NpgsqlCommand.ExecuteNonQuery()
   at Microsoft.EntityFrameworkCore.Storage.RelationalCommand.ExecuteNonQuery(RelationalCommandParameterObject parameterObject)
   at Microsoft.EntityFrameworkCore.Migrations.MigrationCommand.ExecuteNonQuery(IRelationalConnection connection, IReadOnlyDictionary`2 parameterValues)
   at Microsoft.EntityFrameworkCore.Migrations.Internal.MigrationCommandExecutor.ExecuteNonQuery(IEnumerable`1 migrationCommands, IRelationalConnection connection)
   at Microsoft.EntityFrameworkCore.Migrations.Internal.Migrator.Migrate(String targetMigration)
   at Npgsql.EntityFrameworkCore.PostgreSQL.Migrations.Internal.NpgsqlMigrator.Migrate(String targetMigration)
   at Microsoft.EntityFrameworkCore.RelationalDatabaseFacadeExtensions.Migrate(DatabaseFacade databaseFacade)
   at ManagerStudentCaltholic.Extensions.WebApplicationExtensions.ApplyDatabaseMigrations(WebApplication app) in D:\github\ManagerStudentCaltholic\ManagerStudentCaltholic\Extensions\WebApplicationExtensions.cs:line 22
  Exception data:
    Severity: ERROR
    SqlState: 42P07
    MessageText: relation "AcademicYears" already exists
    File: heap.c
    Line: 1196
    Routine: heap_create_with_catalog
2026-09-29 11:36:33.032 +07:00 [FTL] Application start-up failed
Npgsql.PostgresException (0x80004005): 42P07: relation "AcademicYears" already exists
   at Npgsql.Internal.NpgsqlConnector.ReadMessageLong(Boolean async, DataRowLoadingMode dataRowLoadingMode, Boolean readingNotifications, Boolean isReadingPrependedMessage)
   at System.Runtime.CompilerServices.PoolingAsyncValueTaskMethodBuilder`1.StateMachineBox`1.System.Threading.Tasks.Sources.IValueTaskSource<TResult>.GetResult(Int16 token)
   at Npgsql.NpgsqlDataReader.NextResult(Boolean async, Boolean isConsuming, CancellationToken cancellationToken)
   at Npgsql.NpgsqlDataReader.NextResult(Boolean async, Boolean isConsuming, CancellationToken cancellationToken)
   at Npgsql.NpgsqlDataReader.NextResult()
   at Npgsql.NpgsqlCommand.ExecuteReader(Boolean async, CommandBehavior behavior, CancellationToken cancellationToken)
   at Npgsql.NpgsqlCommand.ExecuteReader(Boolean async, CommandBehavior behavior, CancellationToken cancellationToken)
   at Npgsql.NpgsqlCommand.ExecuteNonQuery(Boolean async, CancellationToken cancellationToken)
   at Npgsql.NpgsqlCommand.ExecuteNonQuery()
   at Microsoft.EntityFrameworkCore.Storage.RelationalCommand.ExecuteNonQuery(RelationalCommandParameterObject parameterObject)
   at Microsoft.EntityFrameworkCore.Migrations.MigrationCommand.ExecuteNonQuery(IRelationalConnection connection, IReadOnlyDictionary`2 parameterValues)
   at Microsoft.EntityFrameworkCore.Migrations.Internal.MigrationCommandExecutor.ExecuteNonQuery(IEnumerable`1 migrationCommands, IRelationalConnection connection)
   at Microsoft.EntityFrameworkCore.Migrations.Internal.Migrator.Migrate(String targetMigration)
   at Npgsql.EntityFrameworkCore.PostgreSQL.Migrations.Internal.NpgsqlMigrator.Migrate(String targetMigration)
   at Microsoft.EntityFrameworkCore.RelationalDatabaseFacadeExtensions.Migrate(DatabaseFacade databaseFacade)
   at ManagerStudentCaltholic.Extensions.WebApplicationExtensions.ApplyDatabaseMigrations(WebApplication app) in D:\github\ManagerStudentCaltholic\ManagerStudentCaltholic\Extensions\WebApplicationExtensions.cs:line 22
   at Program.<Main>$(String[] args) in D:\github\ManagerStudentCaltholic\ManagerStudentCaltholic\Program.cs:line 25
  Exception data:
    Severity: ERROR
    SqlState: 42P07
    MessageText: relation "AcademicYears" already exists
    File: heap.c
    Line: 1196
    Routine: heap_create_with_catalog
2026-09-29 11:37:14.554 +07:00 [INF] Đang kiểm tra và áp dụng Migrations cơ sở dữ liệu...
2026-09-29 11:37:15.222 +07:00 [INF] Executed DbCommand (55ms) [Parameters=[], CommandType='"Text"', CommandTimeout='30']
SELECT EXISTS (
    SELECT 1 FROM pg_catalog.pg_class c
    JOIN pg_catalog.pg_namespace n ON n.oid=c.relnamespace
    WHERE n.nspname='public' AND
          c.relname='__EFMigrationsHistory'
)
2026-09-29 11:37:15.242 +07:00 [INF] Executed DbCommand (2ms) [Parameters=[], CommandType='"Text"', CommandTimeout='30']
SELECT "MigrationId", "ProductVersion"
FROM "__EFMigrationsHistory"
ORDER BY "MigrationId";
2026-09-29 11:37:15.284 +07:00 [INF] Executed DbCommand (1ms) [Parameters=[], CommandType='"Text"', CommandTimeout='30']
SELECT EXISTS (
    SELECT 1 FROM pg_catalog.pg_class c
    JOIN pg_catalog.pg_namespace n ON n.oid=c.relnamespace
    WHERE n.nspname='public' AND
          c.relname='__EFMigrationsHistory'
)
2026-09-29 11:37:15.314 +07:00 [INF] Executed DbCommand (1ms) [Parameters=[], CommandType='"Text"', CommandTimeout='30']
SELECT EXISTS (
    SELECT 1 FROM pg_catalog.pg_class c
    JOIN pg_catalog.pg_namespace n ON n.oid=c.relnamespace
    WHERE n.nspname='public' AND
          c.relname='__EFMigrationsHistory'
)
2026-09-29 11:37:15.315 +07:00 [INF] Executed DbCommand (0ms) [Parameters=[], CommandType='"Text"', CommandTimeout='30']
SELECT "MigrationId", "ProductVersion"
FROM "__EFMigrationsHistory"
ORDER BY "MigrationId";
2026-09-29 11:37:15.333 +07:00 [INF] Applying migration '20260928161745_UpdateAttendanceFullSchema'.
2026-09-29 11:37:15.392 +07:00 [ERR] Failed executing DbCommand (11ms) [Parameters=[], CommandType='"Text"', CommandTimeout='30']
CREATE TABLE "AcademicYears" (
    "Id" integer GENERATED BY DEFAULT AS IDENTITY,
    "Name" character varying(50) NOT NULL,
    "StartDate" timestamp with time zone NOT NULL,
    "EndDate" timestamp with time zone NOT NULL,
    "IsCurrent" boolean NOT NULL,
    CONSTRAINT "PK_AcademicYears" PRIMARY KEY ("Id")
);
2026-09-29 11:37:15.404 +07:00 [ERR] Đã xảy ra lỗi trong quá trình tự động Migrate Database.
Npgsql.PostgresException (0x80004005): 42P07: relation "AcademicYears" already exists
   at Npgsql.Internal.NpgsqlConnector.ReadMessageLong(Boolean async, DataRowLoadingMode dataRowLoadingMode, Boolean readingNotifications, Boolean isReadingPrependedMessage)
   at System.Runtime.CompilerServices.PoolingAsyncValueTaskMethodBuilder`1.StateMachineBox`1.System.Threading.Tasks.Sources.IValueTaskSource<TResult>.GetResult(Int16 token)
   at Npgsql.NpgsqlDataReader.NextResult(Boolean async, Boolean isConsuming, CancellationToken cancellationToken)
   at Npgsql.NpgsqlDataReader.NextResult(Boolean async, Boolean isConsuming, CancellationToken cancellationToken)
   at Npgsql.NpgsqlDataReader.NextResult()
   at Npgsql.NpgsqlCommand.ExecuteReader(Boolean async, CommandBehavior behavior, CancellationToken cancellationToken)
   at Npgsql.NpgsqlCommand.ExecuteReader(Boolean async, CommandBehavior behavior, CancellationToken cancellationToken)
   at Npgsql.NpgsqlCommand.ExecuteNonQuery(Boolean async, CancellationToken cancellationToken)
   at Npgsql.NpgsqlCommand.ExecuteNonQuery()
   at Microsoft.EntityFrameworkCore.Storage.RelationalCommand.ExecuteNonQuery(RelationalCommandParameterObject parameterObject)
   at Microsoft.EntityFrameworkCore.Migrations.MigrationCommand.ExecuteNonQuery(IRelationalConnection connection, IReadOnlyDictionary`2 parameterValues)
   at Microsoft.EntityFrameworkCore.Migrations.Internal.MigrationCommandExecutor.ExecuteNonQuery(IEnumerable`1 migrationCommands, IRelationalConnection connection)
   at Microsoft.EntityFrameworkCore.Migrations.Internal.Migrator.Migrate(String targetMigration)
   at Npgsql.EntityFrameworkCore.PostgreSQL.Migrations.Internal.NpgsqlMigrator.Migrate(String targetMigration)
   at Microsoft.EntityFrameworkCore.RelationalDatabaseFacadeExtensions.Migrate(DatabaseFacade databaseFacade)
   at ManagerStudentCaltholic.Extensions.WebApplicationExtensions.ApplyDatabaseMigrations(WebApplication app) in D:\github\ManagerStudentCaltholic\ManagerStudentCaltholic\Extensions\WebApplicationExtensions.cs:line 22
  Exception data:
    Severity: ERROR
    SqlState: 42P07
    MessageText: relation "AcademicYears" already exists
    File: heap.c
    Line: 1196
    Routine: heap_create_with_catalog
2026-09-29 11:37:15.424 +07:00 [FTL] Application start-up failed
Npgsql.PostgresException (0x80004005): 42P07: relation "AcademicYears" already exists
   at Npgsql.Internal.NpgsqlConnector.ReadMessageLong(Boolean async, DataRowLoadingMode dataRowLoadingMode, Boolean readingNotifications, Boolean isReadingPrependedMessage)
   at System.Runtime.CompilerServices.PoolingAsyncValueTaskMethodBuilder`1.StateMachineBox`1.System.Threading.Tasks.Sources.IValueTaskSource<TResult>.GetResult(Int16 token)
   at Npgsql.NpgsqlDataReader.NextResult(Boolean async, Boolean isConsuming, CancellationToken cancellationToken)
   at Npgsql.NpgsqlDataReader.NextResult(Boolean async, Boolean isConsuming, CancellationToken cancellationToken)
   at Npgsql.NpgsqlDataReader.NextResult()
   at Npgsql.NpgsqlCommand.ExecuteReader(Boolean async, CommandBehavior behavior, CancellationToken cancellationToken)
   at Npgsql.NpgsqlCommand.ExecuteReader(Boolean async, CommandBehavior behavior, CancellationToken cancellationToken)
   at Npgsql.NpgsqlCommand.ExecuteNonQuery(Boolean async, CancellationToken cancellationToken)
   at Npgsql.NpgsqlCommand.ExecuteNonQuery()
   at Microsoft.EntityFrameworkCore.Storage.RelationalCommand.ExecuteNonQuery(RelationalCommandParameterObject parameterObject)
   at Microsoft.EntityFrameworkCore.Migrations.MigrationCommand.ExecuteNonQuery(IRelationalConnection connection, IReadOnlyDictionary`2 parameterValues)
   at Microsoft.EntityFrameworkCore.Migrations.Internal.MigrationCommandExecutor.ExecuteNonQuery(IEnumerable`1 migrationCommands, IRelationalConnection connection)
   at Microsoft.EntityFrameworkCore.Migrations.Internal.Migrator.Migrate(String targetMigration)
   at Npgsql.EntityFrameworkCore.PostgreSQL.Migrations.Internal.NpgsqlMigrator.Migrate(String targetMigration)
   at Microsoft.EntityFrameworkCore.RelationalDatabaseFacadeExtensions.Migrate(DatabaseFacade databaseFacade)
   at ManagerStudentCaltholic.Extensions.WebApplicationExtensions.ApplyDatabaseMigrations(WebApplication app) in D:\github\ManagerStudentCaltholic\ManagerStudentCaltholic\Extensions\WebApplicationExtensions.cs:line 22
   at Program.<Main>$(String[] args) in D:\github\ManagerStudentCaltholic\ManagerStudentCaltholic\Program.cs:line 26
  Exception data:
    Severity: ERROR
    SqlState: 42P07
    MessageText: relation "AcademicYears" already exists
    File: heap.c
    Line: 1196
    Routine: heap_create_with_catalog
2026-09-29 11:37:46.375 +07:00 [INF] Đang kiểm tra và áp dụng Migrations cơ sở dữ liệu...
2026-09-29 11:37:46.947 +07:00 [INF] Executed DbCommand (49ms) [Parameters=[], CommandType='"Text"', CommandTimeout='30']
SELECT EXISTS (
    SELECT 1 FROM pg_catalog.pg_class c
    JOIN pg_catalog.pg_namespace n ON n.oid=c.relnamespace
    WHERE n.nspname='public' AND
          c.relname='__EFMigrationsHistory'
)
2026-09-29 11:37:46.965 +07:00 [INF] Executed DbCommand (2ms) [Parameters=[], CommandType='"Text"', CommandTimeout='30']
SELECT "MigrationId", "ProductVersion"
FROM "__EFMigrationsHistory"
ORDER BY "MigrationId";
2026-09-29 11:37:46.998 +07:00 [INF] Executed DbCommand (1ms) [Parameters=[], CommandType='"Text"', CommandTimeout='30']
SELECT EXISTS (
    SELECT 1 FROM pg_catalog.pg_class c
    JOIN pg_catalog.pg_namespace n ON n.oid=c.relnamespace
    WHERE n.nspname='public' AND
          c.relname='__EFMigrationsHistory'
)
2026-09-29 11:37:47.023 +07:00 [INF] Executed DbCommand (1ms) [Parameters=[], CommandType='"Text"', CommandTimeout='30']
SELECT EXISTS (
    SELECT 1 FROM pg_catalog.pg_class c
    JOIN pg_catalog.pg_namespace n ON n.oid=c.relnamespace
    WHERE n.nspname='public' AND
          c.relname='__EFMigrationsHistory'
)
2026-09-29 11:37:47.024 +07:00 [INF] Executed DbCommand (0ms) [Parameters=[], CommandType='"Text"', CommandTimeout='30']
SELECT "MigrationId", "ProductVersion"
FROM "__EFMigrationsHistory"
ORDER BY "MigrationId";
2026-09-29 11:37:47.041 +07:00 [INF] Applying migration '20260928161745_UpdateAttendanceFullSchema'.
2026-09-29 11:37:47.106 +07:00 [ERR] Failed executing DbCommand (14ms) [Parameters=[], CommandType='"Text"', CommandTimeout='30']
CREATE TABLE "AcademicYears" (
    "Id" integer GENERATED BY DEFAULT AS IDENTITY,
    "Name" character varying(50) NOT NULL,
    "StartDate" timestamp with time zone NOT NULL,
    "EndDate" timestamp with time zone NOT NULL,
    "IsCurrent" boolean NOT NULL,
    CONSTRAINT "PK_AcademicYears" PRIMARY KEY ("Id")
);
2026-09-29 11:37:47.123 +07:00 [ERR] Đã xảy ra lỗi trong quá trình tự động Migrate Database.
Npgsql.PostgresException (0x80004005): 42P07: relation "AcademicYears" already exists
   at Npgsql.Internal.NpgsqlConnector.ReadMessageLong(Boolean async, DataRowLoadingMode dataRowLoadingMode, Boolean readingNotifications, Boolean isReadingPrependedMessage)
   at System.Runtime.CompilerServices.PoolingAsyncValueTaskMethodBuilder`1.StateMachineBox`1.System.Threading.Tasks.Sources.IValueTaskSource<TResult>.GetResult(Int16 token)
   at Npgsql.NpgsqlDataReader.NextResult(Boolean async, Boolean isConsuming, CancellationToken cancellationToken)
   at Npgsql.NpgsqlDataReader.NextResult(Boolean async, Boolean isConsuming, CancellationToken cancellationToken)
   at Npgsql.NpgsqlDataReader.NextResult()
   at Npgsql.NpgsqlCommand.ExecuteReader(Boolean async, CommandBehavior behavior, CancellationToken cancellationToken)
   at Npgsql.NpgsqlCommand.ExecuteReader(Boolean async, CommandBehavior behavior, CancellationToken cancellationToken)
   at Npgsql.NpgsqlCommand.ExecuteNonQuery(Boolean async, CancellationToken cancellationToken)
   at Npgsql.NpgsqlCommand.ExecuteNonQuery()
   at Microsoft.EntityFrameworkCore.Storage.RelationalCommand.ExecuteNonQuery(RelationalCommandParameterObject parameterObject)
   at Microsoft.EntityFrameworkCore.Migrations.MigrationCommand.ExecuteNonQuery(IRelationalConnection connection, IReadOnlyDictionary`2 parameterValues)
   at Microsoft.EntityFrameworkCore.Migrations.Internal.MigrationCommandExecutor.ExecuteNonQuery(IEnumerable`1 migrationCommands, IRelationalConnection connection)
   at Microsoft.EntityFrameworkCore.Migrations.Internal.Migrator.Migrate(String targetMigration)
   at Npgsql.EntityFrameworkCore.PostgreSQL.Migrations.Internal.NpgsqlMigrator.Migrate(String targetMigration)
   at Microsoft.EntityFrameworkCore.RelationalDatabaseFacadeExtensions.Migrate(DatabaseFacade databaseFacade)
   at ManagerStudentCaltholic.Extensions.WebApplicationExtensions.ApplyDatabaseMigrations(WebApplication app) in D:\github\ManagerStudentCaltholic\ManagerStudentCaltholic\Extensions\WebApplicationExtensions.cs:line 22
  Exception data:
    Severity: ERROR
    SqlState: 42P07
    MessageText: relation "AcademicYears" already exists
    File: heap.c
    Line: 1196
    Routine: heap_create_with_catalog
2026-09-29 11:37:47.151 +07:00 [FTL] Application start-up failed
Npgsql.PostgresException (0x80004005): 42P07: relation "AcademicYears" already exists
   at Npgsql.Internal.NpgsqlConnector.ReadMessageLong(Boolean async, DataRowLoadingMode dataRowLoadingMode, Boolean readingNotifications, Boolean isReadingPrependedMessage)
   at System.Runtime.CompilerServices.PoolingAsyncValueTaskMethodBuilder`1.StateMachineBox`1.System.Threading.Tasks.Sources.IValueTaskSource<TResult>.GetResult(Int16 token)
   at Npgsql.NpgsqlDataReader.NextResult(Boolean async, Boolean isConsuming, CancellationToken cancellationToken)
   at Npgsql.NpgsqlDataReader.NextResult(Boolean async, Boolean isConsuming, CancellationToken cancellationToken)
   at Npgsql.NpgsqlDataReader.NextResult()
   at Npgsql.NpgsqlCommand.ExecuteReader(Boolean async, CommandBehavior behavior, CancellationToken cancellationToken)
   at Npgsql.NpgsqlCommand.ExecuteReader(Boolean async, CommandBehavior behavior, CancellationToken cancellationToken)
   at Npgsql.NpgsqlCommand.ExecuteNonQuery(Boolean async, CancellationToken cancellationToken)
   at Npgsql.NpgsqlCommand.ExecuteNonQuery()
   at Microsoft.EntityFrameworkCore.Storage.RelationalCommand.ExecuteNonQuery(RelationalCommandParameterObject parameterObject)
   at Microsoft.EntityFrameworkCore.Migrations.MigrationCommand.ExecuteNonQuery(IRelationalConnection connection, IReadOnlyDictionary`2 parameterValues)
   at Microsoft.EntityFrameworkCore.Migrations.Internal.MigrationCommandExecutor.ExecuteNonQuery(IEnumerable`1 migrationCommands, IRelationalConnection connection)
   at Microsoft.EntityFrameworkCore.Migrations.Internal.Migrator.Migrate(String targetMigration)
   at Npgsql.EntityFrameworkCore.PostgreSQL.Migrations.Internal.NpgsqlMigrator.Migrate(String targetMigration)
   at Microsoft.EntityFrameworkCore.RelationalDatabaseFacadeExtensions.Migrate(DatabaseFacade databaseFacade)
   at ManagerStudentCaltholic.Extensions.WebApplicationExtensions.ApplyDatabaseMigrations(WebApplication app) in D:\github\ManagerStudentCaltholic\ManagerStudentCaltholic\Extensions\WebApplicationExtensions.cs:line 22
   at Program.<Main>$(String[] args) in D:\github\ManagerStudentCaltholic\ManagerStudentCaltholic\Program.cs:line 24
  Exception data:
    Severity: ERROR
    SqlState: 42P07
    MessageText: relation "AcademicYears" already exists
    File: heap.c
    Line: 1196
    Routine: heap_create_with_catalog
2026-09-29 11:41:20.027 +07:00 [INF] Đang kiểm tra và áp dụng Migrations cơ sở dữ liệu...
2026-09-29 11:41:20.686 +07:00 [INF] Executed DbCommand (37ms) [Parameters=[], CommandType='"Text"', CommandTimeout='30']
SELECT EXISTS (
    SELECT 1 FROM pg_catalog.pg_class c
    JOIN pg_catalog.pg_namespace n ON n.oid=c.relnamespace
    WHERE n.nspname='public' AND
          c.relname='__EFMigrationsHistory'
)
2026-09-29 11:41:20.700 +07:00 [INF] Executed DbCommand (2ms) [Parameters=[], CommandType='"Text"', CommandTimeout='30']
SELECT "MigrationId", "ProductVersion"
FROM "__EFMigrationsHistory"
ORDER BY "MigrationId";
2026-09-29 11:41:20.731 +07:00 [INF] Executed DbCommand (1ms) [Parameters=[], CommandType='"Text"', CommandTimeout='30']
SELECT EXISTS (
    SELECT 1 FROM pg_catalog.pg_class c
    JOIN pg_catalog.pg_namespace n ON n.oid=c.relnamespace
    WHERE n.nspname='public' AND
          c.relname='__EFMigrationsHistory'
)
2026-09-29 11:41:20.860 +07:00 [INF] Executed DbCommand (1ms) [Parameters=[], CommandType='"Text"', CommandTimeout='30']
SELECT EXISTS (
    SELECT 1 FROM pg_catalog.pg_class c
    JOIN pg_catalog.pg_namespace n ON n.oid=c.relnamespace
    WHERE n.nspname='public' AND
          c.relname='__EFMigrationsHistory'
)
2026-09-29 11:41:20.860 +07:00 [INF] Executed DbCommand (0ms) [Parameters=[], CommandType='"Text"', CommandTimeout='30']
SELECT "MigrationId", "ProductVersion"
FROM "__EFMigrationsHistory"
ORDER BY "MigrationId";
2026-09-29 11:41:20.872 +07:00 [INF] No migrations were applied. The database is already up to date.
2026-09-29 11:41:20.873 +07:00 [INF] Áp dụng Migrations thành công!
2026-09-29 11:41:20.923 +07:00 [INF] User profile is available. Using 'C:\Users\ghost\AppData\Local\ASP.NET\DataProtection-Keys' as key repository and Windows DPAPI to encrypt keys at rest.
2026-09-29 11:41:21.028 +07:00 [INF] Request starting HTTP/2 GET https://localhost:44309/ - null null
2026-09-29 11:41:21.039 +07:00 [INF] Application started. Press Ctrl+C to shut down.
2026-09-29 11:41:21.039 +07:00 [INF] Hosting environment: Development
2026-09-29 11:41:21.041 +07:00 [INF] Content root path: D:\github\ManagerStudentCaltholic\ManagerStudentCaltholic
2026-09-29 11:41:21.099 +07:00 [INF] Executing endpoint '/Index'
2026-09-29 11:41:21.128 +07:00 [INF] Route matched with {page = "/Index", action = "", controller = ""}. Executing page /Index
2026-09-29 11:41:21.134 +07:00 [INF] Executing handler method ManagerStudentCaltholic.Pages.IndexModel.OnGet - ModelState is "Valid"
2026-09-29 11:41:21.134 +07:00 [INF] Executed handler method OnGet, returned result .
2026-09-29 11:41:21.136 +07:00 [INF] Executing an implicit handler method - ModelState is "Valid"
2026-09-29 11:41:21.136 +07:00 [INF] Executed an implicit handler method, returned result Microsoft.AspNetCore.Mvc.RazorPages.PageResult.
2026-09-29 11:41:21.196 +07:00 [INF] Executed page /Index in 65.2019ms
2026-09-29 11:41:21.197 +07:00 [INF] Executed endpoint '/Index'
2026-09-29 11:41:21.203 +07:00 [INF] Request finished HTTP/2 GET https://localhost:44309/ - 200 null text/html; charset=utf-8 177.7022ms
2026-09-29 11:41:21.237 +07:00 [INF] Request starting HTTP/2 GET https://localhost:44309/_vs/browserLink - null null
2026-09-29 11:41:21.237 +07:00 [INF] Request starting HTTP/2 GET https://localhost:44309/_framework/aspnetcore-browser-refresh.js - null null
2026-09-29 11:41:21.241 +07:00 [INF] Request finished HTTP/2 GET https://localhost:44309/_framework/aspnetcore-browser-refresh.js - 200 16531 application/javascript; charset=utf-8 4.3908ms
2026-09-29 11:41:21.272 +07:00 [INF] Request finished HTTP/2 GET https://localhost:44309/_vs/browserLink - 200 null text/javascript; charset=UTF-8 36.0995ms
2026-09-29 11:51:04.947 +07:00 [INF] Đang kiểm tra và áp dụng Migrations cơ sở dữ liệu...
2026-09-29 11:51:05.693 +07:00 [INF] Executed DbCommand (50ms) [Parameters=[], CommandType='"Text"', CommandTimeout='30']
SELECT EXISTS (
    SELECT 1 FROM pg_catalog.pg_class c
    JOIN pg_catalog.pg_namespace n ON n.oid=c.relnamespace
    WHERE n.nspname='public' AND
          c.relname='__EFMigrationsHistory'
)
2026-09-29 11:51:05.711 +07:00 [INF] Executed DbCommand (2ms) [Parameters=[], CommandType='"Text"', CommandTimeout='30']
SELECT "MigrationId", "ProductVersion"
FROM "__EFMigrationsHistory"
ORDER BY "MigrationId";
2026-09-29 11:51:05.744 +07:00 [INF] Executed DbCommand (1ms) [Parameters=[], CommandType='"Text"', CommandTimeout='30']
SELECT EXISTS (
    SELECT 1 FROM pg_catalog.pg_class c
    JOIN pg_catalog.pg_namespace n ON n.oid=c.relnamespace
    WHERE n.nspname='public' AND
          c.relname='__EFMigrationsHistory'
)
2026-09-29 11:51:05.770 +07:00 [INF] Executed DbCommand (0ms) [Parameters=[], CommandType='"Text"', CommandTimeout='30']
SELECT EXISTS (
    SELECT 1 FROM pg_catalog.pg_class c
    JOIN pg_catalog.pg_namespace n ON n.oid=c.relnamespace
    WHERE n.nspname='public' AND
          c.relname='__EFMigrationsHistory'
)
2026-09-29 11:51:05.770 +07:00 [INF] Executed DbCommand (0ms) [Parameters=[], CommandType='"Text"', CommandTimeout='30']
SELECT "MigrationId", "ProductVersion"
FROM "__EFMigrationsHistory"
ORDER BY "MigrationId";
2026-09-29 11:51:05.783 +07:00 [INF] No migrations were applied. The database is already up to date.
2026-09-29 11:51:05.783 +07:00 [INF] Áp dụng Migrations thành công!
2026-09-29 11:51:05.828 +07:00 [INF] User profile is available. Using 'C:\Users\ghost\AppData\Local\ASP.NET\DataProtection-Keys' as key repository and Windows DPAPI to encrypt keys at rest.
2026-09-29 11:51:05.957 +07:00 [INF] Request starting HTTP/2 GET https://localhost:44309/ - null null
2026-09-29 11:51:05.972 +07:00 [INF] Application started. Press Ctrl+C to shut down.
2026-09-29 11:51:05.973 +07:00 [INF] Hosting environment: Development
2026-09-29 11:51:05.973 +07:00 [INF] Content root path: D:\github\ManagerStudentCaltholic\ManagerStudentCaltholic
2026-09-29 11:51:06.032 +07:00 [INF] Executing endpoint '/Index'
2026-09-29 11:51:06.063 +07:00 [INF] Route matched with {page = "/Index", action = "", controller = ""}. Executing page /Index
2026-09-29 11:51:06.071 +07:00 [INF] Executing handler method ManagerStudentCaltholic.Pages.IndexModel.OnGet - ModelState is "Valid"
2026-09-29 11:51:06.071 +07:00 [INF] Executed handler method OnGet, returned result .
2026-09-29 11:51:06.074 +07:00 [INF] Executing an implicit handler method - ModelState is "Valid"
2026-09-29 11:51:06.074 +07:00 [INF] Executed an implicit handler method, returned result Microsoft.AspNetCore.Mvc.RazorPages.PageResult.
2026-09-29 11:51:06.144 +07:00 [INF] Executed page /Index in 78.3765ms
2026-09-29 11:51:06.146 +07:00 [INF] Executed endpoint '/Index'
2026-09-29 11:51:06.146 +07:00 [INF] HTTP GET / phản hồi 200 trong 126 ms
2026-09-29 11:51:06.153 +07:00 [INF] Request finished HTTP/2 GET https://localhost:44309/ - 200 null text/html; charset=utf-8 200.5944ms
2026-09-29 11:51:06.183 +07:00 [INF] Request starting HTTP/2 GET https://localhost:44309/_vs/browserLink - null null
2026-09-29 11:51:06.184 +07:00 [INF] Request starting HTTP/2 GET https://localhost:44309/_framework/aspnetcore-browser-refresh.js - null null
2026-09-29 11:51:06.188 +07:00 [INF] Request finished HTTP/2 GET https://localhost:44309/_framework/aspnetcore-browser-refresh.js - 200 16531 application/javascript; charset=utf-8 3.4255ms
2026-09-29 11:51:06.219 +07:00 [INF] Request finished HTTP/2 GET https://localhost:44309/_vs/browserLink - 200 null text/javascript; charset=UTF-8 36.4418ms
2026-09-29 12:05:52.802 +07:00 [INF] Đang kiểm tra và áp dụng Migrations cơ sở dữ liệu...
2026-09-29 12:05:53.759 +07:00 [INF] Executed DbCommand (61ms) [Parameters=[], CommandType='"Text"', CommandTimeout='30']
SELECT EXISTS (
    SELECT 1 FROM pg_catalog.pg_class c
    JOIN pg_catalog.pg_namespace n ON n.oid=c.relnamespace
    WHERE n.nspname='public' AND
          c.relname='__EFMigrationsHistory'
)
2026-09-29 12:05:53.777 +07:00 [INF] Executed DbCommand (3ms) [Parameters=[], CommandType='"Text"', CommandTimeout='30']
SELECT "MigrationId", "ProductVersion"
FROM "__EFMigrationsHistory"
ORDER BY "MigrationId";
2026-09-29 12:05:53.811 +07:00 [INF] Executed DbCommand (1ms) [Parameters=[], CommandType='"Text"', CommandTimeout='30']
SELECT EXISTS (
    SELECT 1 FROM pg_catalog.pg_class c
    JOIN pg_catalog.pg_namespace n ON n.oid=c.relnamespace
    WHERE n.nspname='public' AND
          c.relname='__EFMigrationsHistory'
)
2026-09-29 12:05:53.836 +07:00 [INF] Executed DbCommand (1ms) [Parameters=[], CommandType='"Text"', CommandTimeout='30']
SELECT EXISTS (
    SELECT 1 FROM pg_catalog.pg_class c
    JOIN pg_catalog.pg_namespace n ON n.oid=c.relnamespace
    WHERE n.nspname='public' AND
          c.relname='__EFMigrationsHistory'
)
2026-09-29 12:05:53.837 +07:00 [INF] Executed DbCommand (0ms) [Parameters=[], CommandType='"Text"', CommandTimeout='30']
SELECT "MigrationId", "ProductVersion"
FROM "__EFMigrationsHistory"
ORDER BY "MigrationId";
2026-09-29 12:05:53.855 +07:00 [INF] Applying migration '20260929041146_InitialParishDbWithAuditLogs'.
2026-09-29 12:05:53.924 +07:00 [ERR] Failed executing DbCommand (19ms) [Parameters=[], CommandType='"Text"', CommandTimeout='30']
CREATE TABLE "AcademicYears" (
    "Id" integer GENERATED BY DEFAULT AS IDENTITY,
    "Name" character varying(50) NOT NULL,
    "StartDate" timestamp with time zone NOT NULL,
    "EndDate" timestamp with time zone NOT NULL,
    "IsCurrent" boolean NOT NULL,
    CONSTRAINT "PK_AcademicYears" PRIMARY KEY ("Id")
);
2026-09-29 12:05:53.939 +07:00 [ERR] Đã xảy ra lỗi trong quá trình tự động Migrate Database.
Npgsql.PostgresException (0x80004005): 42P07: relation "AcademicYears" already exists
   at Npgsql.Internal.NpgsqlConnector.ReadMessageLong(Boolean async, DataRowLoadingMode dataRowLoadingMode, Boolean readingNotifications, Boolean isReadingPrependedMessage)
   at System.Runtime.CompilerServices.PoolingAsyncValueTaskMethodBuilder`1.StateMachineBox`1.System.Threading.Tasks.Sources.IValueTaskSource<TResult>.GetResult(Int16 token)
   at Npgsql.NpgsqlDataReader.NextResult(Boolean async, Boolean isConsuming, CancellationToken cancellationToken)
   at Npgsql.NpgsqlDataReader.NextResult(Boolean async, Boolean isConsuming, CancellationToken cancellationToken)
   at Npgsql.NpgsqlDataReader.NextResult()
   at Npgsql.NpgsqlCommand.ExecuteReader(Boolean async, CommandBehavior behavior, CancellationToken cancellationToken)
   at Npgsql.NpgsqlCommand.ExecuteReader(Boolean async, CommandBehavior behavior, CancellationToken cancellationToken)
   at Npgsql.NpgsqlCommand.ExecuteNonQuery(Boolean async, CancellationToken cancellationToken)
   at Npgsql.NpgsqlCommand.ExecuteNonQuery()
   at Microsoft.EntityFrameworkCore.Storage.RelationalCommand.ExecuteNonQuery(RelationalCommandParameterObject parameterObject)
   at Microsoft.EntityFrameworkCore.Migrations.MigrationCommand.ExecuteNonQuery(IRelationalConnection connection, IReadOnlyDictionary`2 parameterValues)
   at Microsoft.EntityFrameworkCore.Migrations.Internal.MigrationCommandExecutor.ExecuteNonQuery(IEnumerable`1 migrationCommands, IRelationalConnection connection)
   at Microsoft.EntityFrameworkCore.Migrations.Internal.Migrator.Migrate(String targetMigration)
   at Npgsql.EntityFrameworkCore.PostgreSQL.Migrations.Internal.NpgsqlMigrator.Migrate(String targetMigration)
   at Microsoft.EntityFrameworkCore.RelationalDatabaseFacadeExtensions.Migrate(DatabaseFacade databaseFacade)
   at ManagerStudentCaltholic.Extensions.WebApplicationExtensions.ApplyDatabaseMigrations(WebApplication app) in D:\github\ManagerStudentCaltholic\ManagerStudentCaltholic\Extensions\WebApplicationExtensions.cs:line 22
  Exception data:
    Severity: ERROR
    SqlState: 42P07
    MessageText: relation "AcademicYears" already exists
    File: heap.c
    Line: 1196
    Routine: heap_create_with_catalog
2026-09-29 12:06:25.718 +07:00 [INF] Đang kiểm tra và áp dụng Migrations cơ sở dữ liệu...
2026-09-29 12:06:26.933 +07:00 [INF] Executed DbCommand (68ms) [Parameters=[], CommandType='"Text"', CommandTimeout='30']
SELECT EXISTS (
    SELECT 1 FROM pg_catalog.pg_class c
    JOIN pg_catalog.pg_namespace n ON n.oid=c.relnamespace
    WHERE n.nspname='public' AND
          c.relname='__EFMigrationsHistory'
)
2026-09-29 12:06:26.954 +07:00 [INF] Executed DbCommand (3ms) [Parameters=[], CommandType='"Text"', CommandTimeout='30']
SELECT "MigrationId", "ProductVersion"
FROM "__EFMigrationsHistory"
ORDER BY "MigrationId";
2026-09-29 12:06:26.993 +07:00 [INF] Executed DbCommand (1ms) [Parameters=[], CommandType='"Text"', CommandTimeout='30']
SELECT EXISTS (
    SELECT 1 FROM pg_catalog.pg_class c
    JOIN pg_catalog.pg_namespace n ON n.oid=c.relnamespace
    WHERE n.nspname='public' AND
          c.relname='__EFMigrationsHistory'
)
2026-09-29 12:06:27.023 +07:00 [INF] Executed DbCommand (1ms) [Parameters=[], CommandType='"Text"', CommandTimeout='30']
SELECT EXISTS (
    SELECT 1 FROM pg_catalog.pg_class c
    JOIN pg_catalog.pg_namespace n ON n.oid=c.relnamespace
    WHERE n.nspname='public' AND
          c.relname='__EFMigrationsHistory'
)
2026-09-29 12:06:27.023 +07:00 [INF] Executed DbCommand (0ms) [Parameters=[], CommandType='"Text"', CommandTimeout='30']
SELECT "MigrationId", "ProductVersion"
FROM "__EFMigrationsHistory"
ORDER BY "MigrationId";
2026-09-29 12:06:27.044 +07:00 [INF] No migrations were applied. The database is already up to date.
2026-09-29 12:06:27.045 +07:00 [INF] Áp dụng Migrations thành công!
2026-09-29 12:06:27.166 +07:00 [INF] User profile is available. Using 'C:\Users\ghost\AppData\Local\ASP.NET\DataProtection-Keys' as key repository and Windows DPAPI to encrypt keys at rest.
2026-09-29 12:06:27.430 +07:00 [INF] Request starting HTTP/2 GET https://localhost:44309/ - null null
2026-09-29 12:06:27.438 +07:00 [INF] Application started. Press Ctrl+C to shut down.
2026-09-29 12:06:27.440 +07:00 [INF] Hosting environment: Development
2026-09-29 12:06:27.445 +07:00 [INF] Content root path: D:\github\ManagerStudentCaltholic\ManagerStudentCaltholic
2026-09-29 12:06:27.587 +07:00 [WRN] HTTP GET / phản hồi 404 từ IP ::1 sau 8 ms
2026-09-29 12:06:27.608 +07:00 [INF] Request finished HTTP/2 GET https://localhost:44309/ - 404 null null 187.7349ms
2026-09-29 12:06:27.613 +07:00 [INF] Request reached the end of the middleware pipeline without being handled by application code. Request path: GET https://localhost:44309/, Response status code: 404
2026-09-29 12:06:54.621 +07:00 [INF] Request starting HTTP/2 GET https://localhost:44309/ - null null
2026-09-29 12:06:54.633 +07:00 [WRN] HTTP GET / phản hồi 404 từ IP ::1 sau 0 ms
2026-09-29 12:06:54.634 +07:00 [INF] Request finished HTTP/2 GET https://localhost:44309/ - 404 null null 13.2523ms
2026-09-29 12:06:54.635 +07:00 [INF] Request reached the end of the middleware pipeline without being handled by application code. Request path: GET https://localhost:44309/, Response status code: 404
2026-09-29 12:06:59.580 +07:00 [INF] Đang kiểm tra và áp dụng Migrations cơ sở dữ liệu...
2026-09-29 12:07:00.236 +07:00 [INF] Executed DbCommand (31ms) [Parameters=[], CommandType='"Text"', CommandTimeout='30']
SELECT EXISTS (
    SELECT 1 FROM pg_catalog.pg_class c
    JOIN pg_catalog.pg_namespace n ON n.oid=c.relnamespace
    WHERE n.nspname='public' AND
          c.relname='__EFMigrationsHistory'
)
2026-09-29 12:07:00.249 +07:00 [INF] Executed DbCommand (1ms) [Parameters=[], CommandType='"Text"', CommandTimeout='30']
SELECT "MigrationId", "ProductVersion"
FROM "__EFMigrationsHistory"
ORDER BY "MigrationId";
2026-09-29 12:07:00.275 +07:00 [INF] Executed DbCommand (1ms) [Parameters=[], CommandType='"Text"', CommandTimeout='30']
SELECT EXISTS (
    SELECT 1 FROM pg_catalog.pg_class c
    JOIN pg_catalog.pg_namespace n ON n.oid=c.relnamespace
    WHERE n.nspname='public' AND
          c.relname='__EFMigrationsHistory'
)
2026-09-29 12:07:00.297 +07:00 [INF] Executed DbCommand (0ms) [Parameters=[], CommandType='"Text"', CommandTimeout='30']
SELECT EXISTS (
    SELECT 1 FROM pg_catalog.pg_class c
    JOIN pg_catalog.pg_namespace n ON n.oid=c.relnamespace
    WHERE n.nspname='public' AND
          c.relname='__EFMigrationsHistory'
)
2026-09-29 12:07:00.298 +07:00 [INF] Executed DbCommand (0ms) [Parameters=[], CommandType='"Text"', CommandTimeout='30']
SELECT "MigrationId", "ProductVersion"
FROM "__EFMigrationsHistory"
ORDER BY "MigrationId";
2026-09-29 12:07:00.308 +07:00 [INF] No migrations were applied. The database is already up to date.
2026-09-29 12:07:00.308 +07:00 [INF] Áp dụng Migrations thành công!
2026-09-29 12:07:00.350 +07:00 [INF] User profile is available. Using 'C:\Users\ghost\AppData\Local\ASP.NET\DataProtection-Keys' as key repository and Windows DPAPI to encrypt keys at rest.
2026-09-29 12:07:00.423 +07:00 [INF] Request starting HTTP/2 GET https://localhost:44309/ - null null
2026-09-29 12:07:00.433 +07:00 [INF] Application started. Press Ctrl+C to shut down.
2026-09-29 12:07:00.433 +07:00 [INF] Hosting environment: Development
2026-09-29 12:07:00.433 +07:00 [INF] Content root path: D:\github\ManagerStudentCaltholic\ManagerStudentCaltholic
2026-09-29 12:07:00.484 +07:00 [WRN] HTTP GET / phản hồi 404 từ IP ::1 sau 7 ms
2026-09-29 12:07:00.500 +07:00 [INF] Request finished HTTP/2 GET https://localhost:44309/ - 404 null null 80.6164ms
2026-09-29 12:07:00.503 +07:00 [INF] Request reached the end of the middleware pipeline without being handled by application code. Request path: GET https://localhost:44309/, Response status code: 404
2026-09-29 12:08:05.230 +07:00 [INF] Đang kiểm tra và áp dụng Migrations cơ sở dữ liệu...
2026-09-29 12:08:05.865 +07:00 [INF] Executed DbCommand (47ms) [Parameters=[], CommandType='"Text"', CommandTimeout='30']
SELECT EXISTS (
    SELECT 1 FROM pg_catalog.pg_class c
    JOIN pg_catalog.pg_namespace n ON n.oid=c.relnamespace
    WHERE n.nspname='public' AND
          c.relname='__EFMigrationsHistory'
)
2026-09-29 12:08:05.882 +07:00 [INF] Executed DbCommand (2ms) [Parameters=[], CommandType='"Text"', CommandTimeout='30']
SELECT "MigrationId", "ProductVersion"
FROM "__EFMigrationsHistory"
ORDER BY "MigrationId";
2026-09-29 12:08:05.916 +07:00 [INF] Executed DbCommand (1ms) [Parameters=[], CommandType='"Text"', CommandTimeout='30']
SELECT EXISTS (
    SELECT 1 FROM pg_catalog.pg_class c
    JOIN pg_catalog.pg_namespace n ON n.oid=c.relnamespace
    WHERE n.nspname='public' AND
          c.relname='__EFMigrationsHistory'
)
2026-09-29 12:08:06.048 +07:00 [INF] Executed DbCommand (1ms) [Parameters=[], CommandType='"Text"', CommandTimeout='30']
SELECT EXISTS (
    SELECT 1 FROM pg_catalog.pg_class c
    JOIN pg_catalog.pg_namespace n ON n.oid=c.relnamespace
    WHERE n.nspname='public' AND
          c.relname='__EFMigrationsHistory'
)
2026-09-29 12:08:06.049 +07:00 [INF] Executed DbCommand (0ms) [Parameters=[], CommandType='"Text"', CommandTimeout='30']
SELECT "MigrationId", "ProductVersion"
FROM "__EFMigrationsHistory"
ORDER BY "MigrationId";
2026-09-29 12:08:06.062 +07:00 [INF] No migrations were applied. The database is already up to date.
2026-09-29 12:08:06.063 +07:00 [INF] Áp dụng Migrations thành công!
2026-09-29 12:08:06.115 +07:00 [INF] User profile is available. Using 'C:\Users\ghost\AppData\Local\ASP.NET\DataProtection-Keys' as key repository and Windows DPAPI to encrypt keys at rest.
2026-09-29 12:08:06.206 +07:00 [INF] Request starting HTTP/2 GET https://localhost:44309/ - null null
2026-09-29 12:08:06.214 +07:00 [INF] Application started. Press Ctrl+C to shut down.
2026-09-29 12:08:06.214 +07:00 [INF] Hosting environment: Development
2026-09-29 12:08:06.214 +07:00 [INF] Content root path: D:\github\ManagerStudentCaltholic\ManagerStudentCaltholic
2026-09-29 12:08:06.273 +07:00 [WRN] HTTP GET / phản hồi 404 từ IP ::1 sau 7 ms
2026-09-29 12:08:06.289 +07:00 [INF] Request finished HTTP/2 GET https://localhost:44309/ - 404 null null 85.8345ms
2026-09-29 12:08:06.292 +07:00 [INF] Request reached the end of the middleware pipeline without being handled by application code. Request path: GET https://localhost:44309/, Response status code: 404
2026-09-29 12:08:14.105 +07:00 [INF] Request starting HTTP/2 GET https://localhost:44309/home - null null
2026-09-29 12:08:14.113 +07:00 [WRN] HTTP GET /home phản hồi 404 từ IP ::1 sau 0 ms
2026-09-29 12:08:14.115 +07:00 [INF] Request finished HTTP/2 GET https://localhost:44309/home - 404 null null 9.9278ms
2026-09-29 12:08:14.115 +07:00 [INF] Request reached the end of the middleware pipeline without being handled by application code. Request path: GET https://localhost:44309/home, Response status code: 404
2026-09-29 12:08:46.383 +07:00 [INF] Đang kiểm tra và áp dụng Migrations cơ sở dữ liệu...
2026-09-29 12:08:47.176 +07:00 [INF] Executed DbCommand (48ms) [Parameters=[], CommandType='"Text"', CommandTimeout='30']
SELECT EXISTS (
    SELECT 1 FROM pg_catalog.pg_class c
    JOIN pg_catalog.pg_namespace n ON n.oid=c.relnamespace
    WHERE n.nspname='public' AND
          c.relname='__EFMigrationsHistory'
)
2026-09-29 12:08:47.193 +07:00 [INF] Executed DbCommand (2ms) [Parameters=[], CommandType='"Text"', CommandTimeout='30']
SELECT "MigrationId", "ProductVersion"
FROM "__EFMigrationsHistory"
ORDER BY "MigrationId";
2026-09-29 12:08:47.227 +07:00 [INF] Executed DbCommand (1ms) [Parameters=[], CommandType='"Text"', CommandTimeout='30']
SELECT EXISTS (
    SELECT 1 FROM pg_catalog.pg_class c
    JOIN pg_catalog.pg_namespace n ON n.oid=c.relnamespace
    WHERE n.nspname='public' AND
          c.relname='__EFMigrationsHistory'
)
2026-09-29 12:08:47.254 +07:00 [INF] Executed DbCommand (0ms) [Parameters=[], CommandType='"Text"', CommandTimeout='30']
SELECT EXISTS (
    SELECT 1 FROM pg_catalog.pg_class c
    JOIN pg_catalog.pg_namespace n ON n.oid=c.relnamespace
    WHERE n.nspname='public' AND
          c.relname='__EFMigrationsHistory'
)
2026-09-29 12:08:47.255 +07:00 [INF] Executed DbCommand (0ms) [Parameters=[], CommandType='"Text"', CommandTimeout='30']
SELECT "MigrationId", "ProductVersion"
FROM "__EFMigrationsHistory"
ORDER BY "MigrationId";
2026-09-29 12:08:47.269 +07:00 [INF] No migrations were applied. The database is already up to date.
2026-09-29 12:08:47.270 +07:00 [INF] Áp dụng Migrations thành công!
2026-09-29 12:08:47.314 +07:00 [INF] User profile is available. Using 'C:\Users\ghost\AppData\Local\ASP.NET\DataProtection-Keys' as key repository and Windows DPAPI to encrypt keys at rest.
2026-09-29 12:08:47.478 +07:00 [INF] Request starting HTTP/2 GET https://localhost:44309/ - null null
2026-09-29 12:08:47.495 +07:00 [INF] Application started. Press Ctrl+C to shut down.
2026-09-29 12:08:47.495 +07:00 [INF] Hosting environment: Development
2026-09-29 12:08:47.495 +07:00 [INF] Content root path: D:\github\ManagerStudentCaltholic\ManagerStudentCaltholic
2026-09-29 12:08:47.584 +07:00 [INF] Executing endpoint '/Index'
2026-09-29 12:08:47.643 +07:00 [INF] Route matched with {page = "/Index", action = "", controller = ""}. Executing page /Index
2026-09-29 12:08:47.654 +07:00 [INF] Executing handler method ManagerStudentCaltholic.Pages.IndexModel.OnGet - ModelState is "Valid"
2026-09-29 12:08:47.654 +07:00 [INF] Executed handler method OnGet, returned result .
2026-09-29 12:08:47.657 +07:00 [INF] Executing an implicit handler method - ModelState is "Valid"
2026-09-29 12:08:47.657 +07:00 [INF] Executed an implicit handler method, returned result Microsoft.AspNetCore.Mvc.RazorPages.PageResult.
2026-09-29 12:08:47.760 +07:00 [INF] Executed page /Index in 112.2944ms
2026-09-29 12:08:47.763 +07:00 [INF] Executed endpoint '/Index'
2026-09-29 12:08:47.763 +07:00 [INF] HTTP GET / phản hồi 200 trong 199 ms
2026-09-29 12:08:47.768 +07:00 [INF] Request finished HTTP/2 GET https://localhost:44309/ - 200 null text/html; charset=utf-8 296.2016ms
2026-09-29 12:08:47.805 +07:00 [INF] Request starting HTTP/2 GET https://localhost:44309/_framework/aspnetcore-browser-refresh.js - null null
2026-09-29 12:08:47.805 +07:00 [INF] Request starting HTTP/2 GET https://localhost:44309/_vs/browserLink - null null
2026-09-29 12:08:47.810 +07:00 [INF] Request finished HTTP/2 GET https://localhost:44309/_framework/aspnetcore-browser-refresh.js - 200 16531 application/javascript; charset=utf-8 4.3021ms
2026-09-29 12:08:47.853 +07:00 [INF] Request finished HTTP/2 GET https://localhost:44309/_vs/browserLink - 200 null text/javascript; charset=UTF-8 48.8916ms
2026-09-29 12:08:47.924 +07:00 [INF] Request starting HTTP/2 GET https://localhost:44309/favicon.ico - null null
2026-09-29 12:08:47.939 +07:00 [INF] Sending file. Request path: '/favicon.ico'. Physical path: 'D:\github\ManagerStudentCaltholic\ManagerStudentCaltholic\wwwroot\favicon.ico'
2026-09-29 12:08:47.939 +07:00 [INF] Request finished HTTP/2 GET https://localhost:44309/favicon.ico - 200 5430 image/x-icon 15.5256ms
2026-09-29 12:08:49.757 +07:00 [INF] Request starting HTTP/2 GET https://localhost:44309/ - null null
2026-09-29 12:08:49.766 +07:00 [INF] Executing endpoint '/Index'
2026-09-29 12:08:49.766 +07:00 [INF] Route matched with {page = "/Index", action = "", controller = ""}. Executing page /Index
2026-09-29 12:08:49.767 +07:00 [INF] Executing handler method ManagerStudentCaltholic.Pages.IndexModel.OnGet - ModelState is "Valid"
2026-09-29 12:08:49.767 +07:00 [INF] Executed handler method OnGet, returned result .
2026-09-29 12:08:49.767 +07:00 [INF] Executing an implicit handler method - ModelState is "Valid"
2026-09-29 12:08:49.767 +07:00 [INF] Executed an implicit handler method, returned result Microsoft.AspNetCore.Mvc.RazorPages.PageResult.
2026-09-29 12:08:49.773 +07:00 [INF] Executed page /Index in 6.3783ms
2026-09-29 12:08:49.773 +07:00 [INF] Executed endpoint '/Index'
2026-09-29 12:08:49.773 +07:00 [INF] HTTP GET / phản hồi 200 trong 7 ms
2026-09-29 12:08:49.773 +07:00 [INF] Request finished HTTP/2 GET https://localhost:44309/ - 200 null text/html; charset=utf-8 16.4073ms
2026-09-29 12:08:49.794 +07:00 [INF] Request starting HTTP/2 GET https://localhost:44309/_vs/browserLink - null null
2026-09-29 12:08:49.794 +07:00 [INF] Request starting HTTP/2 GET https://localhost:44309/_framework/aspnetcore-browser-refresh.js - null null
2026-09-29 12:08:49.797 +07:00 [INF] Request finished HTTP/2 GET https://localhost:44309/_framework/aspnetcore-browser-refresh.js - 200 16531 application/javascript; charset=utf-8 2.6023ms
2026-09-29 12:08:49.810 +07:00 [INF] Request finished HTTP/2 GET https://localhost:44309/_vs/browserLink - 200 null text/javascript; charset=UTF-8 16.3462ms
2026-09-29 12:08:52.920 +07:00 [INF] Request starting HTTP/2 GET https://localhost:44309/ - null null
2026-09-29 12:08:52.926 +07:00 [INF] Executing endpoint '/Index'
2026-09-29 12:08:52.926 +07:00 [INF] Route matched with {page = "/Index", action = "", controller = ""}. Executing page /Index
2026-09-29 12:08:52.927 +07:00 [INF] Executing handler method ManagerStudentCaltholic.Pages.IndexModel.OnGet - ModelState is "Valid"
2026-09-29 12:08:52.927 +07:00 [INF] Executed handler method OnGet, returned result .
2026-09-29 12:08:52.927 +07:00 [INF] Executing an implicit handler method - ModelState is "Valid"
2026-09-29 12:08:52.927 +07:00 [INF] Executed an implicit handler method, returned result Microsoft.AspNetCore.Mvc.RazorPages.PageResult.
2026-09-29 12:08:52.930 +07:00 [INF] Executed page /Index in 3.5046ms
2026-09-29 12:08:52.930 +07:00 [INF] Executed endpoint '/Index'
2026-09-29 12:08:52.931 +07:00 [INF] HTTP GET / phản hồi 200 trong 4 ms
2026-09-29 12:08:52.931 +07:00 [INF] Request finished HTTP/2 GET https://localhost:44309/ - 200 null text/html; charset=utf-8 10.9477ms
2026-09-29 12:08:52.951 +07:00 [INF] Request starting HTTP/2 GET https://localhost:44309/_vs/browserLink - null null
2026-09-29 12:08:52.952 +07:00 [INF] Request starting HTTP/2 GET https://localhost:44309/_framework/aspnetcore-browser-refresh.js - null null
2026-09-29 12:08:52.955 +07:00 [INF] Request finished HTTP/2 GET https://localhost:44309/_framework/aspnetcore-browser-refresh.js - 200 16531 application/javascript; charset=utf-8 3.2452ms
2026-09-29 12:08:52.966 +07:00 [INF] Request finished HTTP/2 GET https://localhost:44309/_vs/browserLink - 200 null text/javascript; charset=UTF-8 15.1296ms
